// Jest Snapshot v1, https://goo.gl/fbAQLP

exports[`App renders snapshot 1`] = `
<div
  className="container"
>
  <h1
    className="headline-primary"
  >
    My Hacker Stories
  </h1>
  <form
    className="search-form"
    onSubmit={[Function]}
  >
    <label
      className="label"
      htmlFor="search"
    >
      <strong>
        Search:
      </strong>
    </label>
    Â 
    <input
      className="input"
      id="search"
      onChange={[Function]}
      type="text"
      value="React"
    />
    <button
      className="button button-large"
      disabled={false}
      type="submit"
    >
      Submit
    </button>
  </form>
  <div>
    <div
      className="item-header"
      style={
        Object {
          "display": "flex",
        }
      }
    >
      <span
        style={
          Object {
            "width": "40%",
          }
        }
      >
        <button
          className="list-header-button"
          disabled={false}
          onClick={[Function]}
          type="button"
        >
          Title
        </button>
      </span>
      <span
        style={
          Object {
            "width": "30%",
          }
        }
      >
        <button
          className="list-header-button"
          disabled={false}
          onClick={[Function]}
          type="button"
        >
          Author
        </button>
      </span>
      <span
        style={
          Object {
            "width": "10%",
          }
        }
      >
        <button
          className="list-header-button"
          disabled={false}
          onClick={[Function]}
          type="button"
        >
          Comments
        </button>
      </span>
      <span
        style={
          Object {
            "width": "10%",
          }
        }
      >
        <button
          className="list-header-button"
          disabled={false}
          onClick={[Function]}
          type="button"
        >
          Points
        </button>
      </span>
      <span
        style={
          Object {
            "width": "10%",
          }
        }
      >
        Action
      </span>
    </div>
  </div>
  <button
    disabled={false}
    onClick={[Function]}
    type="button"
  >
    More
  </button>
  <hr />
  <footer>
    Icons made by 
    <a
      href="https://www.flaticon.com/authors/freepik"
      rel="noopener noreferrer"
      target="_blank"
      title="Freepik"
    >
      Freepik
    </a>
     from 
    <a
      href="https://www.flaticon.com/"
      rel="noopener noreferrer"
      target="_blank"
      title="Flaticon"
    >
      www.flaticon.com
    </a>
  </footer>
</div>
`;
