// Jest Snapshot v1, https://goo.gl/fbAQLP

exports[`ParagraphWithEllipsis renders snapshot 1`] = `
<p>
  Test
   ...
</p>
`;
